// Vitest Snapshot v1

exports[`<Form /> > should match snapshot 1`] = `
.c0 {
  max-width: 500px;
  margin: auto;
  padding: 20px;
  display: -webkit-box;
  display: -webkit-flex;
  display: -ms-flexbox;
  display: flex;
  -webkit-flex-direction: column;
  -ms-flex-direction: column;
  flex-direction: column;
  box-shadow: 2px 2px 10px #999;
  border-radius: 10px;
}

.c1 {
  padding: 15px;
}

@media (max-width:600px) {
  .c1 {
    padding: 10px;
  }
}

<form
  class="c0"
>
  <input
    class="c1"
    placeholder="text"
    required=""
    type="text"
  />
  <input
    class="c1"
    placeholder="number"
    required=""
    type="number"
  />
  <input
    class="c1"
    placeholder="email"
    required=""
    type="email"
  />
</form>
`;
