// Vitest Snapshot v1

exports[`<Header /> > should match snapshot 1`] = `
.c0 {
  width: 100%;
  display: -webkit-box;
  display: -webkit-flex;
  display: -ms-flexbox;
  display: flex;
  -webkit-align-items: center;
  -webkit-box-align: center;
  -ms-flex-align: center;
  align-items: center;
  -webkit-box-pack: justify;
  -webkit-justify-content: space-between;
  -ms-flex-pack: justify;
  justify-content: space-between;
  padding: 30px 20px;
  background-color: #0084d6;
  color: white;
  font-weight: bold;
  padding: 30px 20px;
}

.c0 img {
  width: 40px;
  height: 40px;
  border-radius: 50%;
}

.c0 .links-div {
  display: -webkit-box;
  display: -webkit-flex;
  display: -ms-flexbox;
  display: flex;
  -webkit-align-items: center;
  -webkit-box-align: center;
  -ms-flex-align: center;
  align-items: center;
}

.c0 .links-div .user-profile {
  position: relative;
  font-weight: normal;
  border-radius: 50%;
  background-color: #005b93;
  color: white;
  display: -webkit-box;
  display: -webkit-flex;
  display: -ms-flexbox;
  display: flex;
  -webkit-align-items: center;
  -webkit-box-align: center;
  -ms-flex-align: center;
  align-items: center;
  -webkit-box-pack: center;
  -webkit-justify-content: center;
  -ms-flex-pack: center;
  justify-content: center;
  margin-left: 10px;
  cursor: pointer;
  -webkit-transition: 0.4s;
  transition: 0.4s;
}

.c0 .links-div .user-profile .hidden-menu {
  position: absolute;
  font-size: 0.7rem;
  list-style: none;
  display: none;
  -webkit-flex-direction: column;
  -ms-flex-direction: column;
  flex-direction: column;
  -webkit-align-items: center;
  -webkit-box-align: center;
  -ms-flex-align: center;
  align-items: center;
  bottom: -75px;
  right: -50%;
  padding: 5px;
  background-color: #005b93;
  border-radius: 5px;
}

.c0 .links-div .user-profile:hover .hidden-menu {
  display: -webkit-box;
  display: -webkit-flex;
  display: -ms-flexbox;
  display: flex;
}

.c0 .links-div .user-profile:hover .hidden-menu .triangle {
  position: absolute;
  top: -28px;
  right: 20px;
  width: 0;
  height: 0;
  border-color: transparent;
  border-width: 10px;
  border-style: solid;
  border-bottom-color: #005b93;
}

.c0 .links-div .user-profile .hidden-menu div {
  width: 70px;
  text-align: center;
  margin: 5px 0;
  padding: 2px;
}

.c0 .links-div .user-profile .hidden-menu .account-actions:hover {
  background-color: #0084d6;
}

.c0 .links-div .user-first-letter {
  width: 35px;
  height: 35px;
  display: -webkit-box;
  display: -webkit-flex;
  display: -ms-flexbox;
  display: flex;
  -webkit-align-items: center;
  -webkit-box-align: center;
  -ms-flex-align: center;
  align-items: center;
  -webkit-box-pack: center;
  -webkit-justify-content: center;
  -ms-flex-pack: center;
  justify-content: center;
  border-radius: 50%;
}

.c0 .links-div .user-first-letter:hover {
  background-color: #0074b2;
  -webkit-text-decoration: none;
  text-decoration: none;
}

.c0 a {
  -webkit-text-decoration: none;
  text-decoration: none;
  font-weight: lighter;
  color: white;
  margin: 0 10px;
  -webkit-transition: 0.2s;
  transition: 0.2s;
}

.c0 a:hover {
  color: #75d1ff;
  -webkit-text-decoration: underline;
  text-decoration: underline;
}

<header
  class="c0"
>
  <span>
    AGENDA
  </span>
  <div
    class="links-div"
  >
    <a
      href="/login"
    >
      Entrar
    </a>
    <a
      href="/createaccount"
    >
      Cadastrar
    </a>
  </div>
</header>
`;
