// Vitest Snapshot v1

exports[`<Input /> > should match snapshot 1`] = `
.c0 {
  padding: 15px;
}

@media (max-width:600px) {
  .c0 {
    padding: 10px;
  }
}

<input
  class="c0"
  placeholder="my input element"
  required=""
  type="number"
/>
`;
