// Vitest Snapshot v1

exports[`<ListItem /> > should match snapshot 1`] = `
.c0 {
  padding: 20px;
  width: 100%;
  display: -webkit-box;
  display: -webkit-flex;
  display: -ms-flexbox;
  display: flex;
  -webkit-align-items: center;
  -webkit-box-align: center;
  -ms-flex-align: center;
  align-items: center;
  -webkit-box-pack: justify;
  -webkit-justify-content: space-between;
  -ms-flex-pack: justify;
  justify-content: space-between;
  border-top: 1px solid #afafaf;
}

.c0 a {
  -webkit-text-decoration: none;
  text-decoration: none;
  padding: 10px;
  color: white;
  border-radius: 3px;
  background-color: #1cb7ff;
}

.c0 a:last-child {
  background-color: red;
}

@media (max-width:650px) {
  .c0 {
    padding: 20px 0;
    font-size: 0.7rem;
  }

  .c0 a {
    padding: 5px;
  }
}

<div
  class="c0"
>
  <span>
    Edivar
  </span>
  <span>
    Diogo
  </span>
  <span>
    edivardiogo@gmail.com
  </span>
  <span>
    8899999-9999
  </span>
  <a
    href="/editcontact?id=8h4f89ug54u56y32r32f43"
  >
    Editar
  </a>
  <a
    href="/deletecontact"
  >
    Excluir
  </a>
</div>
`;
