// Vitest Snapshot v1

exports[`<PageTitle /> > should match snapshot 1`] = `
.c0 {
  width: 100%;
  display: -webkit-box;
  display: -webkit-flex;
  display: -ms-flexbox;
  display: flex;
  -webkit-flex-direction: column;
  -ms-flex-direction: column;
  flex-direction: column;
  -webkit-align-items: center;
  -webkit-box-align: center;
  -ms-flex-align: center;
  align-items: center;
  padding: 30px 0;
}

.c0 h1 {
  font-size: 2.2rem;
  margin-bottom: 10px;
  color: #222;
}

.c0 p {
  font-size: 1.7rem;
  color: #a3a3a3;
}

@media (max-width:600px) {
  .c0 h1 {
    font-size: 1.7rem;
  }

  .c0 p {
    font-size: 1.3rem;
  }
}

<div
  class="c0"
>
  <h1>
    Agenda
  </h1>
  <p>
    Seus contatos est√£o logo abaixo
  </p>
</div>
`;
