// Vitest Snapshot v1

exports[`<RenderIf /> > should match snapshot 1`] = `
<p>
  Fui renderizado
</p>
`;
